Using pre-set license
Built from '2020.2/staging' branch; Version is '2020.2.3f1 (8ff31bc5bf5b) revision 9433883'; Using compiler version '192528614'; Build Type 'Release'
OS: 'Windows 10 Home Single Language; OS build 19041.928; Version 2004; 64bit' Language: 'en' Physical Memory: 16238 MB
BatchMode: 1, IsHumanControllingUs: 0, StartBugReporterOnCrash: 0, Is64bit: 1, IsPro: 0

 COMMAND LINE ARGUMENTS:
D:\Unity\EditorInstalls\2020.2.3f1\Editor\Unity.exe
-adb2
-batchMode
-noUpm
-name
AssetImportWorker0
-projectPath
D:/UnityProj/Unity3d_game
-logFile
Logs/AssetImportWorker0.log
-srvPort
56882
Successfully changed project path to: D:/UnityProj/Unity3d_game
D:/UnityProj/Unity3d_game
Using Asset Import Pipeline V2.
Refreshing native plugins compatible for Editor in 29.31 ms, found 0 plugins.
Preloading 0 native plugins for Editor in 0.00 ms.
Initialize engine version: 2020.2.3f1 (8ff31bc5bf5b)
[Subsystems] Discovering subsystems at path D:/Unity/EditorInstalls/2020.2.3f1/Editor/Data/Resources/UnitySubsystems
[Subsystems] Discovering subsystems at path D:/UnityProj/Unity3d_game/Assets
GfxDevice: creating device client; threaded=0
Direct3D:
    Version:  Direct3D 11.0 [level 11.1]
    Renderer: NVIDIA GeForce GTX 1050 Ti (ID=0x1c8c)
    Vendor:   
    VRAM:     4021 MB
    Driver:   27.21.14.5148
Initialize mono
Mono path[0] = 'D:/Unity/EditorInstalls/2020.2.3f1/Editor/Data/Managed'
Mono path[1] = 'D:/Unity/EditorInstalls/2020.2.3f1/Editor/Data/MonoBleedingEdge/lib/mono/unityjit'
Mono config path = 'D:/Unity/EditorInstalls/2020.2.3f1/Editor/Data/MonoBleedingEdge/etc'
Using monoOptions --debugger-agent=transport=dt_socket,embedding=1,server=y,suspend=n,address=127.0.0.1:56240
Begin MonoManager ReloadAssembly
Registering precompiled unity dll's ...
Register platform support module: D:/Unity/EditorInstalls/2020.2.3f1/Editor/Data/PlaybackEngines/WindowsStandaloneSupport/UnityEditor.WindowsStandalone.Extensions.dll
Registered in 0.002072 seconds.
Native extension for WindowsStandalone target not found
Refreshing native plugins compatible for Editor in 31.07 ms, found 0 plugins.
Preloading 0 native plugins for Editor in 0.00 ms.
Unable to find bridge dll in registry for Microsoft Visual Studio Tools for Unity for D:\Microsoft Visual Studio\2019\Community\Common7\IDE\devenv.exe
Invoked RoslynAnalysisRunner static constructor.
RoslynAnalysisRunner will not be running.
RoslynAnalysisRunner has terminated.
Mono: successfully reloaded assembly
- Completed reload, in  0.982 seconds
Platform modules already initialized, skipping
Registering precompiled user dll's ...
Registered in 0.000754 seconds.
Begin MonoManager ReloadAssembly
Native extension for WindowsStandalone target not found
Refreshing native plugins compatible for Editor in 0.24 ms, found 0 plugins.
Preloading 0 native plugins for Editor in 0.00 ms.
Invoked RoslynAnalysisRunner static constructor.
RoslynAnalysisRunner will not be running.
RoslynAnalysisRunner has terminated.
Mono: successfully reloaded assembly
- Completed reload, in  1.572 seconds
Platform modules already initialized, skipping
========================================================================
Worker process is ready to serve import requests
Launched and connected shader compiler UnityShaderCompiler.exe after 0.06 seconds
Refreshing native plugins compatible for Editor in 0.45 ms, found 0 plugins.
Preloading 0 native plugins for Editor in 0.00 ms.
Unloading 1488 Unused Serialized files (Serialized files now loaded: 0)
System memory in use before: 75.6 MB.
System memory in use after: 75.6 MB.

Unloading 11 unused Assets to reduce memory usage. Loaded Objects now: 1930.
Total: 3.198500 ms (FindLiveObjects: 0.341400 ms CreateObjectMapping: 0.142700 ms MarkObjects: 2.567400 ms  DeleteObjects: 0.145300 ms)

========================================================================
Received Import Request.
  path: Assets/Zombie/AI
  artifactKey: Guid(2b7c6ff1f6f5d9044a47df8fc5a18861) Importer(815301076,1909f56bfc062723c751e8b465ee728b)
Start importing Assets/Zombie/AI using Guid(2b7c6ff1f6f5d9044a47df8fc5a18861) Importer(815301076,1909f56bfc062723c751e8b465ee728b)  -> (artifact id: 'afb6dc833a8fc951df8a1f0ee257b333') in 0.009702 seconds
  Import took 0.012403 seconds .

========================================================================
Received Import Request.
  Time since last request: 41.198102 seconds.
  path: Assets/Prefab/zombie.prefab
  artifactKey: Guid(77af25a0e3abfa440bd596b62b4536e6) Importer(815301076,1909f56bfc062723c751e8b465ee728b)
Start importing Assets/Prefab/zombie.prefab using Guid(77af25a0e3abfa440bd596b62b4536e6) Importer(815301076,1909f56bfc062723c751e8b465ee728b)  -> (artifact id: '87b3c6e923732ddee313152084f494c7') in 0.204967 seconds
  Import took 0.209717 seconds .

========================================================================
Received Import Request.
  Time since last request: 33.729865 seconds.
  path: Assets/Scenes/DesertScene.unity
  artifactKey: Guid(743912512aca798468cf3d7ac8f0ad35) Importer(815301076,1909f56bfc062723c751e8b465ee728b)
Start importing Assets/Scenes/DesertScene.unity using Guid(743912512aca798468cf3d7ac8f0ad35) Importer(815301076,1909f56bfc062723c751e8b465ee728b)  -> (artifact id: 'f51294f55cc81b84eeb0e17ee22238ba') in 0.010222 seconds
  Import took 0.012639 seconds .

========================================================================
Received Prepare
Registering precompiled user dll's ...
Registered in 0.001393 seconds.
Begin MonoManager ReloadAssembly
Native extension for WindowsStandalone target not found
Refreshing native plugins compatible for Editor in 0.24 ms, found 0 plugins.
Preloading 0 native plugins for Editor in 0.00 ms.
Invoked RoslynAnalysisRunner static constructor.
RoslynAnalysisRunner will not be running.
RoslynAnalysisRunner has terminated.
Mono: successfully reloaded assembly
- Completed reload, in  0.957 seconds
Platform modules already initialized, skipping
Refreshing native plugins compatible for Editor in 0.30 ms, found 0 plugins.
Preloading 0 native plugins for Editor in 0.00 ms.
Unloading 1481 Unused Serialized files (Serialized files now loaded: 0)
System memory in use before: 89.4 MB.
System memory in use after: 89.5 MB.

Unloading 6 unused Assets to reduce memory usage. Loaded Objects now: 1940.
Total: 3.007200 ms (FindLiveObjects: 0.228900 ms CreateObjectMapping: 0.047000 ms MarkObjects: 2.617600 ms  DeleteObjects: 0.112900 ms)

AssetImportWorkerClient::OnTransportError - code=2 error=End of file
